// TODO(auto-create): Review build logs for errors
// hint: Compile a log of recent build errors for analysis.
